Not using preprocess inception

>>> reload(i)
<module 'imagenet_finetune' from 'imagenet_finetune.py'>
>>> i.test(mo)
Test image data
Teste generator
Found 100 images belonging to 3 classes.
[[ 0.  1.  0.]
 [ 1.  0.  0.]
 [ 1.  0.  0.]
 [ 0.  1.  0.]
 [ 0.  1.  0.]
 [ 0.  1.  0.]
 [ 0.  0.  1.]
 [ 1.  0.  0.]
 [ 0.  0.  1.]
 [ 0.  0.  1.]
 [ 0.  0.  1.]
 [ 0.  1.  0.]
 [ 0.  1.  0.]
 [ 0.  1.  0.]
 [ 0.  1.  0.]]
[[  1.27705993e-04   9.99834418e-01   3.79428784e-05]
 [  9.93371487e-01   3.13666044e-03   3.49181192e-03]
 [  9.97070074e-01   2.87751295e-03   5.24333736e-05]
 [  9.76661468e-05   9.99819577e-01   8.28388656e-05]
 [  2.62350542e-04   9.99618173e-01   1.19345525e-04]
 [  2.34774710e-03   9.95635808e-01   2.01642863e-03]
 [  1.35578418e-07   5.05017340e-07   9.99999404e-01]
 [  3.13988417e-01   6.79742575e-01   6.26902469e-03]
 [  2.18814051e-07   3.21987216e-07   9.99999404e-01]
 [  5.87488103e-07   9.12503765e-07   9.99998450e-01]
 [  1.01307435e-02   2.60743529e-01   7.29125679e-01]
 [  5.45836345e-04   9.95878100e-01   3.57599929e-03]
 [  1.23351376e-04   9.99823034e-01   5.36256885e-05]
 [  1.24749378e-04   9.99859452e-01   1.57151590e-05]
 [  1.15348597e-03   9.98396575e-01   4.49861313e-04]]
[ 2 13  6]
>>> reload(i)
<module 'imagenet_finetune' from 'imagenet_finetune.py'>
>>> i.test(mo)
Test image data
Teste generator
Found 100 images belonging to 3 classes.
[[ 0.  0.  1.]
 [ 1.  0.  0.]
 [ 1.  0.  0.]
 [ 0.  1.  0.]
 [ 1.  0.  0.]
 [ 1.  0.  0.]
 [ 1.  0.  0.]
 [ 1.  0.  0.]
 [ 0.  0.  1.]
 [ 0.  1.  0.]
 [ 0.  0.  1.]
 [ 0.  0.  1.]
 [ 0.  1.  0.]
 [ 1.  0.  0.]
 [ 0.  1.  0.]]
[[  1.36493782e-05   2.25595031e-05   9.99963760e-01]
 [  9.99973416e-01   8.05609216e-06   1.84568344e-05]
 [  9.98075962e-01   1.76602160e-03   1.57946924e-04]
 [  2.26243888e-03   9.97625291e-01   1.12266396e-04]
 [  9.99787271e-01   1.03911254e-04   1.08856948e-04]
 [  9.98539686e-01   6.24339096e-04   8.35962885e-04]
 [  3.13988417e-01   6.79742575e-01   6.26902469e-03]
 [  9.93371487e-01   3.13666044e-03   3.49181192e-03]
 [  2.18814051e-07   3.21987216e-07   9.99999404e-01]
 [  8.12434359e-04   9.98448372e-01   7.39119598e-04]
 [  4.74763795e-07   2.00649936e-07   9.99999285e-01]
 [  4.00025165e-04   1.40457333e-03   9.98195469e-01]
 [  1.02440745e-03   9.98717904e-01   2.57704291e-04]
 [  9.53243136e-01   4.27341759e-02   4.02270490e-03]
 [  1.15348597e-03   9.98396575e-01   4.49861313e-04]]
[2 0 0 1 0 0 1 0 2 1 2 2 1 0 1]
>>> reload(i)
<module 'imagenet_finetune' from 'imagenet_finetune.py'>
>>> i.test(mo)
Test image data
Teste generator
Found 100 images belonging to 3 classes.
[[ 1.  0.  0.]
 [ 0.  0.  1.]
 [ 0.  0.  1.]
 [ 1.  0.  0.]
 [ 0.  0.  1.]
 [ 0.  1.  0.]
 [ 0.  1.  0.]
 [ 0.  0.  1.]
 [ 1.  0.  0.]
 [ 1.  0.  0.]
 [ 0.  1.  0.]
 [ 0.  1.  0.]
 [ 0.  0.  1.]
 [ 0.  1.  0.]
 [ 1.  0.  0.]]
[0 2 2 0 2 1 1 2 0 0 1 1 2 1 0]
[[  9.99949336e-01   2.11483330e-05   2.95706213e-05]
 [  3.27220856e-04   4.25510108e-04   9.99247313e-01]
 [  1.79346127e-04   2.75068986e-03   9.97069955e-01]
 [  9.93371487e-01   3.13666044e-03   3.49181192e-03]
 [  1.36493782e-05   2.25595031e-05   9.99963760e-01]
 [  1.02440792e-03   9.98717904e-01   2.57704523e-04]
 [  1.15348597e-03   9.98396575e-01   4.49861720e-04]
 [  2.63294278e-05   4.58212198e-05   9.99927878e-01]
 [  8.48369896e-01   1.49562389e-01   2.06767512e-03]
 [  9.62110400e-01   3.54632735e-02   2.42636329e-03]
 [  1.13547387e-04   9.99830008e-01   5.63417343e-05]
 [  8.12434359e-04   9.98448372e-01   7.39119598e-04]
 [  3.45518129e-06   1.99770034e-06   9.99994516e-01]
 [  4.72720072e-04   9.99427080e-01   1.00231242e-04]
 [  9.99017715e-01   4.50873282e-04   5.31401485e-04]]
[0 2 2 0 2 1 1 2 0 0 1 1 2 1 0]



//------------------------------------------------------------------------
Tests with function prediction and numpy array withou the inception preprocess
AttributeError: 'module' object has no attribute 'armax'
>>> np.argmax(i.predict(mo, 'dataset/validation/happy/65.jpg'), axis=1)
1/1 [==============================] - 0s
('Predicted:', array([[  5.49351194e-37,   9.23613903e-33,   1.00000000e+00]], dtype=float32))
array([2])
>>> np.argmax(i.predict(mo, 'dataset/validation/neutral/192.jpg'), axis=1)
1/1 [==============================] - 0s
('Predicted:', array([[  9.44169906e-38,   1.37171375e-34,   1.00000000e+00]], dtype=float32))
array([2])
>>> np.argmax(i.predict(mo, 'dataset/validation/surprise/75.jpg'), axis=1)
1/1 [==============================] - 0s
('Predicted:', array([[  1.28410171e-10,   2.24360724e-06,   9.99997735e-01]], dtype=float32))
array([2])



















